src/components/CSSCustomizer.tsx(2,22): error TS2792: Cannot find module 'react-router-dom'. Did you mean to set the 'moduleResolution' option to 'nodenext', or to add aliases to the 'paths' option?
src/components/CSSCustomizer.tsx(292,7): error TS2322: Type '({ fonts, value, onChange, label, onFontLoad, translations: t }: FontSelectorProps) => Element' is not assignable to type 'FC<FontSelectorProps>'.
  Type 'Element' is not assignable to type 'ReactNode | Promise<ReactNode>'.
src/components/CSSCustomizer.tsx(338,5): error TS2339: Property 'div' does not exist on type 'JSX.IntrinsicElements'.
src/components/CSSCustomizer.tsx(339,7): error TS2339: Property 'label' does not exist on type 'JSX.IntrinsicElements'.
src/components/CSSCustomizer.tsx(339,64): error TS2339: Property 'label' does not exist on type 'JSX.IntrinsicElements'.
src/components/CSSCustomizer.tsx(342,7): error TS2339: Property 'button' does not exist on type 'JSX.IntrinsicElements'.
src/components/CSSCustomizer.tsx(346,9): error TS2339: Property 'span' does not exist on type 'JSX.IntrinsicElements'.
src/components/CSSCustomizer.tsx(346,63): error TS2339: Property 'span' does not exist on type 'JSX.IntrinsicElements'.
src/components/CSSCustomizer.tsx(347,9): error TS2339: Property 'svg' does not exist on type 'JSX.IntrinsicElements'.
src/components/CSSCustomizer.tsx(353,11): error TS2339: Property 'path' does not exist on type 'JSX.IntrinsicElements'.
src/components/CSSCustomizer.tsx(354,9): error TS2339: Property 'svg' does not exist on type 'JSX.IntrinsicElements'.
src/components/CSSCustomizer.tsx(355,7): error TS2339: Property 'button' does not exist on type 'JSX.IntrinsicElements'.
src/components/CSSCustomizer.tsx(359,9): error TS2339: Property 'div' does not exist on type 'JSX.IntrinsicElements'.
src/components/CSSCustomizer.tsx(361,11): error TS2339: Property 'div' does not exist on type 'JSX.IntrinsicElements'.
src/components/CSSCustomizer.tsx(362,13): error TS2339: Property 'input' does not exist on type 'JSX.IntrinsicElements'.
src/components/CSSCustomizer.tsx(370,11): error TS2339: Property 'div' does not exist on type 'JSX.IntrinsicElements'.
src/components/CSSCustomizer.tsx(373,11): error TS2339: Property 'div' does not exist on type 'JSX.IntrinsicElements'.
src/components/CSSCustomizer.tsx(375,15): error TS2339: Property 'div' does not exist on type 'JSX.IntrinsicElements'.
src/components/CSSCustomizer.tsx(377,17): error TS2339: Property 'div' does not exist on type 'JSX.IntrinsicElements'.
src/components/CSSCustomizer.tsx(379,17): error TS2339: Property 'div' does not exist on type 'JSX.IntrinsicElements'.
src/components/CSSCustomizer.tsx(383,19): error TS2339: Property 'button' does not exist on type 'JSX.IntrinsicElements'.
src/components/CSSCustomizer.tsx(391,19): error TS2339: Property 'button' does not exist on type 'JSX.IntrinsicElements'.
src/components/CSSCustomizer.tsx(393,15): error TS2339: Property 'div' does not exist on type 'JSX.IntrinsicElements'.
src/components/CSSCustomizer.tsx(397,15): error TS2339: Property 'div' does not exist on type 'JSX.IntrinsicElements'.
src/components/CSSCustomizer.tsx(399,15): error TS2339: Property 'div' does not exist on type 'JSX.IntrinsicElements'.
src/components/CSSCustomizer.tsx(401,11): error TS2339: Property 'div' does not exist on type 'JSX.IntrinsicElements'.
src/components/CSSCustomizer.tsx(404,11): error TS2339: Property 'div' does not exist on type 'JSX.IntrinsicElements'.
src/components/CSSCustomizer.tsx(405,13): error TS2339: Property 'button' does not exist on type 'JSX.IntrinsicElements'.
src/components/CSSCustomizer.tsx(410,13): error TS2339: Property 'button' does not exist on type 'JSX.IntrinsicElements'.
src/components/CSSCustomizer.tsx(411,11): error TS2339: Property 'div' does not exist on type 'JSX.IntrinsicElements'.
src/components/CSSCustomizer.tsx(412,9): error TS2339: Property 'div' does not exist on type 'JSX.IntrinsicElements'.
src/components/CSSCustomizer.tsx(414,5): error TS2339: Property 'div' does not exist on type 'JSX.IntrinsicElements'.
src/components/CSSCustomizer.tsx(883,7): error TS2322: Type '() => JSX.Element' is not assignable to type 'FC<{}>'.
  Type 'Element' is not assignable to type 'ReactNode | Promise<ReactNode>'.
src/components/CSSCustomizer.tsx(1474,5): error TS2339: Property 'div' does not exist on type 'JSX.IntrinsicElements'.
src/components/CSSCustomizer.tsx(1475,7): error TS2339: Property 'div' does not exist on type 'JSX.IntrinsicElements'.
src/components/CSSCustomizer.tsx(1476,9): error TS2339: Property 'div' does not exist on type 'JSX.IntrinsicElements'.
src/components/CSSCustomizer.tsx(1480,11): error TS2339: Property 'h1' does not exist on type 'JSX.IntrinsicElements'.
src/components/CSSCustomizer.tsx(1482,11): error TS2339: Property 'h1' does not exist on type 'JSX.IntrinsicElements'.
src/components/CSSCustomizer.tsx(1483,11): error TS2339: Property 'p' does not exist on type 'JSX.IntrinsicElements'.
src/components/CSSCustomizer.tsx(1485,11): error TS2339: Property 'p' does not exist on type 'JSX.IntrinsicElements'.
src/components/CSSCustomizer.tsx(1486,9): error TS2339: Property 'div' does not exist on type 'JSX.IntrinsicElements'.
src/components/CSSCustomizer.tsx(1488,9): error TS2339: Property 'div' does not exist on type 'JSX.IntrinsicElements'.
src/components/CSSCustomizer.tsx(1490,11): error TS2339: Property 'div' does not exist on type 'JSX.IntrinsicElements'.
src/components/CSSCustomizer.tsx(1492,13): error TS2339: Property 'div' does not exist on type 'JSX.IntrinsicElements'.
src/components/CSSCustomizer.tsx(1493,15): error TS2339: Property 'h2' does not exist on type 'JSX.IntrinsicElements'.
src/components/CSSCustomizer.tsx(1495,15): error TS2339: Property 'h2' does not exist on type 'JSX.IntrinsicElements'.
src/components/CSSCustomizer.tsx(1497,15): error TS2339: Property 'div' does not exist on type 'JSX.IntrinsicElements'.
src/components/CSSCustomizer.tsx(1499,17): error TS2339: Property 'button' does not exist on type 'JSX.IntrinsicElements'.
src/components/CSSCustomizer.tsx(1506,19): error TS2339: Property 'div' does not exist on type 'JSX.IntrinsicElements'.
src/components/CSSCustomizer.tsx(1506,82): error TS2339: Property 'div' does not exist on type 'JSX.IntrinsicElements'.
src/components/CSSCustomizer.tsx(1507,19): error TS2339: Property 'div' does not exist on type 'JSX.IntrinsicElements'.
src/components/CSSCustomizer.tsx(1507,88): error TS2339: Property 'div' does not exist on type 'JSX.IntrinsicElements'.
src/components/CSSCustomizer.tsx(1508,17): error TS2339: Property 'button' does not exist on type 'JSX.IntrinsicElements'.
src/components/CSSCustomizer.tsx(1511,17): error TS2339: Property 'button' does not exist on type 'JSX.IntrinsicElements'.
src/components/CSSCustomizer.tsx(1518,19): error TS2339: Property 'div' does not exist on type 'JSX.IntrinsicElements'.
src/components/CSSCustomizer.tsx(1518,88): error TS2339: Property 'div' does not exist on type 'JSX.IntrinsicElements'.
src/components/CSSCustomizer.tsx(1519,19): error TS2339: Property 'div' does not exist on type 'JSX.IntrinsicElements'.
src/components/CSSCustomizer.tsx(1519,94): error TS2339: Property 'div' does not exist on type 'JSX.IntrinsicElements'.
src/components/CSSCustomizer.tsx(1520,17): error TS2339: Property 'button' does not exist on type 'JSX.IntrinsicElements'.
src/components/CSSCustomizer.tsx(1523,17): error TS2339: Property 'button' does not exist on type 'JSX.IntrinsicElements'.
src/components/CSSCustomizer.tsx(1530,19): error TS2339: Property 'div' does not exist on type 'JSX.IntrinsicElements'.
src/components/CSSCustomizer.tsx(1530,81): error TS2339: Property 'div' does not exist on type 'JSX.IntrinsicElements'.
src/components/CSSCustomizer.tsx(1531,19): error TS2339: Property 'div' does not exist on type 'JSX.IntrinsicElements'.
src/components/CSSCustomizer.tsx(1531,87): error TS2339: Property 'div' does not exist on type 'JSX.IntrinsicElements'.
src/components/CSSCustomizer.tsx(1532,17): error TS2339: Property 'button' does not exist on type 'JSX.IntrinsicElements'.
src/components/CSSCustomizer.tsx(1535,17): error TS2339: Property 'button' does not exist on type 'JSX.IntrinsicElements'.
src/components/CSSCustomizer.tsx(1542,19): error TS2339: Property 'div' does not exist on type 'JSX.IntrinsicElements'.
src/components/CSSCustomizer.tsx(1542,81): error TS2339: Property 'div' does not exist on type 'JSX.IntrinsicElements'.
src/components/CSSCustomizer.tsx(1543,19): error TS2339: Property 'div' does not exist on type 'JSX.IntrinsicElements'.
src/components/CSSCustomizer.tsx(1543,87): error TS2339: Property 'div' does not exist on type 'JSX.IntrinsicElements'.
src/components/CSSCustomizer.tsx(1544,17): error TS2339: Property 'button' does not exist on type 'JSX.IntrinsicElements'.
src/components/CSSCustomizer.tsx(1545,15): error TS2339: Property 'div' does not exist on type 'JSX.IntrinsicElements'.
src/components/CSSCustomizer.tsx(1546,13): error TS2339: Property 'div' does not exist on type 'JSX.IntrinsicElements'.
src/components/CSSCustomizer.tsx(1548,13): error TS2339: Property 'div' does not exist on type 'JSX.IntrinsicElements'.
src/components/CSSCustomizer.tsx(1549,15): error TS2339: Property 'h2' does not exist on type 'JSX.IntrinsicElements'.
src/components/CSSCustomizer.tsx(1551,15): error TS2339: Property 'h2' does not exist on type 'JSX.IntrinsicElements'.
src/components/CSSCustomizer.tsx(1553,15): error TS2339: Property 'div' does not exist on type 'JSX.IntrinsicElements'.
src/components/CSSCustomizer.tsx(1554,17): error TS2339: Property 'div' does not exist on type 'JSX.IntrinsicElements'.
src/components/CSSCustomizer.tsx(1571,17): error TS2339: Property 'div' does not exist on type 'JSX.IntrinsicElements'.
src/components/CSSCustomizer.tsx(1574,19): error TS2339: Property 'div' does not exist on type 'JSX.IntrinsicElements'.
src/components/CSSCustomizer.tsx(1591,19): error TS2339: Property 'div' does not exist on type 'JSX.IntrinsicElements'.
src/components/CSSCustomizer.tsx(1593,15): error TS2339: Property 'div' does not exist on type 'JSX.IntrinsicElements'.
src/components/CSSCustomizer.tsx(1594,13): error TS2339: Property 'div' does not exist on type 'JSX.IntrinsicElements'.
src/components/CSSCustomizer.tsx(1596,13): error TS2339: Property 'div' does not exist on type 'JSX.IntrinsicElements'.
src/components/CSSCustomizer.tsx(1597,15): error TS2339: Property 'h2' does not exist on type 'JSX.IntrinsicElements'.
src/components/CSSCustomizer.tsx(1599,15): error TS2339: Property 'h2' does not exist on type 'JSX.IntrinsicElements'.
src/components/CSSCustomizer.tsx(1601,15): error TS2339: Property 'div' does not exist on type 'JSX.IntrinsicElements'.
src/components/CSSCustomizer.tsx(1602,17): error TS2339: Property 'div' does not exist on type 'JSX.IntrinsicElements'.
src/components/CSSCustomizer.tsx(1603,19): error TS2339: Property 'label' does not exist on type 'JSX.IntrinsicElements'.
src/components/CSSCustomizer.tsx(1605,19): error TS2339: Property 'label' does not exist on type 'JSX.IntrinsicElements'.
src/components/CSSCustomizer.tsx(1606,19): error TS2339: Property 'input' does not exist on type 'JSX.IntrinsicElements'.
src/components/CSSCustomizer.tsx(1612,17): error TS2339: Property 'div' does not exist on type 'JSX.IntrinsicElements'.
src/components/CSSCustomizer.tsx(1615,17): error TS2339: Property 'div' does not exist on type 'JSX.IntrinsicElements'.
src/components/CSSCustomizer.tsx(1616,19): error TS2339: Property 'div' does not exist on type 'JSX.IntrinsicElements'.
src/components/CSSCustomizer.tsx(1617,21): error TS2339: Property 'label' does not exist on type 'JSX.IntrinsicElements'.
src/components/CSSCustomizer.tsx(1619,21): error TS2339: Property 'label' does not exist on type 'JSX.IntrinsicElements'.
src/components/CSSCustomizer.tsx(1620,21): error TS2339: Property 'button' does not exist on type 'JSX.IntrinsicElements'.
src/components/CSSCustomizer.tsx(1624,23): error TS2339: Property 'span' does not exist on type 'JSX.IntrinsicElements'.
src/components/CSSCustomizer.tsx(1627,21): error TS2339: Property 'button' does not exist on type 'JSX.IntrinsicElements'.
src/components/CSSCustomizer.tsx(1628,19): error TS2339: Property 'div' does not exist on type 'JSX.IntrinsicElements'.
src/components/CSSCustomizer.tsx(1631,21): error TS2339: Property 'div' does not exist on type 'JSX.IntrinsicElements'.
src/components/CSSCustomizer.tsx(1632,23): error TS2339: Property 'div' does not exist on type 'JSX.IntrinsicElements'.
src/components/CSSCustomizer.tsx(1633,25): error TS2339: Property 'label' does not exist on type 'JSX.IntrinsicElements'.
src/components/CSSCustomizer.tsx(1635,25): error TS2339: Property 'label' does not exist on type 'JSX.IntrinsicElements'.
src/components/CSSCustomizer.tsx(1636,25): error TS2339: Property 'input' does not exist on type 'JSX.IntrinsicElements'.
src/components/CSSCustomizer.tsx(1642,23): error TS2339: Property 'div' does not exist on type 'JSX.IntrinsicElements'.
src/components/CSSCustomizer.tsx(1644,23): error TS2339: Property 'div' does not exist on type 'JSX.IntrinsicElements'.
src/components/CSSCustomizer.tsx(1645,25): error TS2339: Property 'label' does not exist on type 'JSX.IntrinsicElements'.
src/components/CSSCustomizer.tsx(1647,25): error TS2339: Property 'label' does not exist on type 'JSX.IntrinsicElements'.
src/components/CSSCustomizer.tsx(1648,25): error TS2339: Property 'input' does not exist on type 'JSX.IntrinsicElements'.
src/components/CSSCustomizer.tsx(1656,23): error TS2339: Property 'div' does not exist on type 'JSX.IntrinsicElements'.
src/components/CSSCustomizer.tsx(1657,21): error TS2339: Property 'div' does not exist on type 'JSX.IntrinsicElements'.
src/components/CSSCustomizer.tsx(1659,17): error TS2339: Property 'div' does not exist on type 'JSX.IntrinsicElements'.
src/components/CSSCustomizer.tsx(1662,17): error TS2339: Property 'div' does not exist on type 'JSX.IntrinsicElements'.
src/components/CSSCustomizer.tsx(1663,19): error TS2339: Property 'div' does not exist on type 'JSX.IntrinsicElements'.
src/components/CSSCustomizer.tsx(1664,21): error TS2339: Property 'label' does not exist on type 'JSX.IntrinsicElements'.
src/components/CSSCustomizer.tsx(1666,21): error TS2339: Property 'label' does not exist on type 'JSX.IntrinsicElements'.
src/components/CSSCustomizer.tsx(1667,21): error TS2339: Property 'button' does not exist on type 'JSX.IntrinsicElements'.
src/components/CSSCustomizer.tsx(1671,23): error TS2339: Property 'span' does not exist on type 'JSX.IntrinsicElements'.
src/components/CSSCustomizer.tsx(1674,21): error TS2339: Property 'button' does not exist on type 'JSX.IntrinsicElements'.
src/components/CSSCustomizer.tsx(1675,19): error TS2339: Property 'div' does not exist on type 'JSX.IntrinsicElements'.
src/components/CSSCustomizer.tsx(1678,21): error TS2339: Property 'div' does not exist on type 'JSX.IntrinsicElements'.
src/components/CSSCustomizer.tsx(1679,23): error TS2339: Property 'div' does not exist on type 'JSX.IntrinsicElements'.
src/components/CSSCustomizer.tsx(1680,25): error TS2339: Property 'label' does not exist on type 'JSX.IntrinsicElements'.
src/components/CSSCustomizer.tsx(1682,25): error TS2339: Property 'label' does not exist on type 'JSX.IntrinsicElements'.
src/components/CSSCustomizer.tsx(1683,25): error TS2339: Property 'input' does not exist on type 'JSX.IntrinsicElements'.
src/components/CSSCustomizer.tsx(1689,23): error TS2339: Property 'div' does not exist on type 'JSX.IntrinsicElements'.
src/components/CSSCustomizer.tsx(1691,23): error TS2339: Property 'div' does not exist on type 'JSX.IntrinsicElements'.
src/components/CSSCustomizer.tsx(1692,25): error TS2339: Property 'label' does not exist on type 'JSX.IntrinsicElements'.
src/components/CSSCustomizer.tsx(1694,25): error TS2339: Property 'label' does not exist on type 'JSX.IntrinsicElements'.
src/components/CSSCustomizer.tsx(1695,25): error TS2339: Property 'input' does not exist on type 'JSX.IntrinsicElements'.
src/components/CSSCustomizer.tsx(1704,23): error TS2339: Property 'div' does not exist on type 'JSX.IntrinsicElements'.
src/components/CSSCustomizer.tsx(1705,21): error TS2339: Property 'div' does not exist on type 'JSX.IntrinsicElements'.
src/components/CSSCustomizer.tsx(1707,17): error TS2339: Property 'div' does not exist on type 'JSX.IntrinsicElements'.
src/components/CSSCustomizer.tsx(1709,17): error TS2339: Property 'div' does not exist on type 'JSX.IntrinsicElements'.
src/components/CSSCustomizer.tsx(1710,19): error TS2339: Property 'label' does not exist on type 'JSX.IntrinsicElements'.
src/components/CSSCustomizer.tsx(1712,19): error TS2339: Property 'label' does not exist on type 'JSX.IntrinsicElements'.
src/components/CSSCustomizer.tsx(1713,19): error TS2339: Property 'select' does not exist on type 'JSX.IntrinsicElements'.
src/components/CSSCustomizer.tsx(1718,21): error TS2339: Property 'option' does not exist on type 'JSX.IntrinsicElements'.
src/components/CSSCustomizer.tsx(1718,52): error TS2339: Property 'option' does not exist on type 'JSX.IntrinsicElements'.
src/components/CSSCustomizer.tsx(1719,21): error TS2339: Property 'option' does not exist on type 'JSX.IntrinsicElements'.
src/components/CSSCustomizer.tsx(1719,54): error TS2339: Property 'option' does not exist on type 'JSX.IntrinsicElements'.
src/components/CSSCustomizer.tsx(1720,21): error TS2339: Property 'option' does not exist on type 'JSX.IntrinsicElements'.
src/components/CSSCustomizer.tsx(1720,52): error TS2339: Property 'option' does not exist on type 'JSX.IntrinsicElements'.
src/components/CSSCustomizer.tsx(1721,19): error TS2339: Property 'select' does not exist on type 'JSX.IntrinsicElements'.
src/components/CSSCustomizer.tsx(1722,17): error TS2339: Property 'div' does not exist on type 'JSX.IntrinsicElements'.
src/components/CSSCustomizer.tsx(1723,15): error TS2339: Property 'div' does not exist on type 'JSX.IntrinsicElements'.
src/components/CSSCustomizer.tsx(1724,13): error TS2339: Property 'div' does not exist on type 'JSX.IntrinsicElements'.
src/components/CSSCustomizer.tsx(1726,13): error TS2339: Property 'div' does not exist on type 'JSX.IntrinsicElements'.
src/components/CSSCustomizer.tsx(1727,15): error TS2339: Property 'h2' does not exist on type 'JSX.IntrinsicElements'.
src/components/CSSCustomizer.tsx(1729,15): error TS2339: Property 'h2' does not exist on type 'JSX.IntrinsicElements'.
src/components/CSSCustomizer.tsx(1731,15): error TS2339: Property 'div' does not exist on type 'JSX.IntrinsicElements'.
src/components/CSSCustomizer.tsx(1732,17): error TS2339: Property 'div' does not exist on type 'JSX.IntrinsicElements'.
src/components/CSSCustomizer.tsx(1733,19): error TS2339: Property 'label' does not exist on type 'JSX.IntrinsicElements'.
src/components/CSSCustomizer.tsx(1735,19): error TS2339: Property 'label' does not exist on type 'JSX.IntrinsicElements'.
src/components/CSSCustomizer.tsx(1736,19): error TS2339: Property 'input' does not exist on type 'JSX.IntrinsicElements'.
src/components/CSSCustomizer.tsx(1745,17): error TS2339: Property 'div' does not exist on type 'JSX.IntrinsicElements'.
src/components/CSSCustomizer.tsx(1747,17): error TS2339: Property 'div' does not exist on type 'JSX.IntrinsicElements'.
src/components/CSSCustomizer.tsx(1748,19): error TS2339: Property 'label' does not exist on type 'JSX.IntrinsicElements'.
src/components/CSSCustomizer.tsx(1750,19): error TS2339: Property 'label' does not exist on type 'JSX.IntrinsicElements'.
src/components/CSSCustomizer.tsx(1751,19): error TS2339: Property 'input' does not exist on type 'JSX.IntrinsicElements'.
src/components/CSSCustomizer.tsx(1760,17): error TS2339: Property 'div' does not exist on type 'JSX.IntrinsicElements'.
src/components/CSSCustomizer.tsx(1761,15): error TS2339: Property 'div' does not exist on type 'JSX.IntrinsicElements'.
src/components/CSSCustomizer.tsx(1762,13): error TS2339: Property 'div' does not exist on type 'JSX.IntrinsicElements'.
src/components/CSSCustomizer.tsx(1764,13): error TS2339: Property 'div' does not exist on type 'JSX.IntrinsicElements'.
src/components/CSSCustomizer.tsx(1765,15): error TS2339: Property 'h2' does not exist on type 'JSX.IntrinsicElements'.
src/components/CSSCustomizer.tsx(1767,15): error TS2339: Property 'h2' does not exist on type 'JSX.IntrinsicElements'.
src/components/CSSCustomizer.tsx(1769,15): error TS2339: Property 'div' does not exist on type 'JSX.IntrinsicElements'.
src/components/CSSCustomizer.tsx(1770,17): error TS2339: Property 'div' does not exist on type 'JSX.IntrinsicElements'.
src/components/CSSCustomizer.tsx(1771,19): error TS2339: Property 'label' does not exist on type 'JSX.IntrinsicElements'.
src/components/CSSCustomizer.tsx(1773,19): error TS2339: Property 'label' does not exist on type 'JSX.IntrinsicElements'.
src/components/CSSCustomizer.tsx(1774,19): error TS2339: Property 'select' does not exist on type 'JSX.IntrinsicElements'.
src/components/CSSCustomizer.tsx(1779,21): error TS2339: Property 'option' does not exist on type 'JSX.IntrinsicElements'.
src/components/CSSCustomizer.tsx(1779,54): error TS2339: Property 'option' does not exist on type 'JSX.IntrinsicElements'.
src/components/CSSCustomizer.tsx(1780,21): error TS2339: Property 'option' does not exist on type 'JSX.IntrinsicElements'.
src/components/CSSCustomizer.tsx(1780,56): error TS2339: Property 'option' does not exist on type 'JSX.IntrinsicElements'.
src/components/CSSCustomizer.tsx(1781,21): error TS2339: Property 'option' does not exist on type 'JSX.IntrinsicElements'.
src/components/CSSCustomizer.tsx(1781,60): error TS2339: Property 'option' does not exist on type 'JSX.IntrinsicElements'.
src/components/CSSCustomizer.tsx(1782,21): error TS2339: Property 'option' does not exist on type 'JSX.IntrinsicElements'.
src/components/CSSCustomizer.tsx(1782,56): error TS2339: Property 'option' does not exist on type 'JSX.IntrinsicElements'.
src/components/CSSCustomizer.tsx(1783,21): error TS2339: Property 'option' does not exist on type 'JSX.IntrinsicElements'.
src/components/CSSCustomizer.tsx(1783,57): error TS2339: Property 'option' does not exist on type 'JSX.IntrinsicElements'.
src/components/CSSCustomizer.tsx(1784,19): error TS2339: Property 'select' does not exist on type 'JSX.IntrinsicElements'.
src/components/CSSCustomizer.tsx(1785,17): error TS2339: Property 'div' does not exist on type 'JSX.IntrinsicElements'.
src/components/CSSCustomizer.tsx(1787,17): error TS2339: Property 'div' does not exist on type 'JSX.IntrinsicElements'.
src/components/CSSCustomizer.tsx(1788,19): error TS2339: Property 'label' does not exist on type 'JSX.IntrinsicElements'.
src/components/CSSCustomizer.tsx(1790,19): error TS2339: Property 'label' does not exist on type 'JSX.IntrinsicElements'.
src/components/CSSCustomizer.tsx(1791,19): error TS2339: Property 'input' does not exist on type 'JSX.IntrinsicElements'.
src/components/CSSCustomizer.tsx(1800,17): error TS2339: Property 'div' does not exist on type 'JSX.IntrinsicElements'.
src/components/CSSCustomizer.tsx(1803,17): error TS2339: Property 'div' does not exist on type 'JSX.IntrinsicElements'.
src/components/CSSCustomizer.tsx(1804,19): error TS2339: Property 'div' does not exist on type 'JSX.IntrinsicElements'.
src/components/CSSCustomizer.tsx(1805,21): error TS2339: Property 'label' does not exist on type 'JSX.IntrinsicElements'.
src/components/CSSCustomizer.tsx(1807,21): error TS2339: Property 'label' does not exist on type 'JSX.IntrinsicElements'.
src/components/CSSCustomizer.tsx(1808,21): error TS2339: Property 'button' does not exist on type 'JSX.IntrinsicElements'.
src/components/CSSCustomizer.tsx(1812,23): error TS2339: Property 'span' does not exist on type 'JSX.IntrinsicElements'.
src/components/CSSCustomizer.tsx(1815,21): error TS2339: Property 'button' does not exist on type 'JSX.IntrinsicElements'.
src/components/CSSCustomizer.tsx(1816,19): error TS2339: Property 'div' does not exist on type 'JSX.IntrinsicElements'.
src/components/CSSCustomizer.tsx(1819,21): error TS2339: Property 'div' does not exist on type 'JSX.IntrinsicElements'.
src/components/CSSCustomizer.tsx(1820,23): error TS2339: Property 'label' does not exist on type 'JSX.IntrinsicElements'.
src/components/CSSCustomizer.tsx(1822,23): error TS2339: Property 'label' does not exist on type 'JSX.IntrinsicElements'.
src/components/CSSCustomizer.tsx(1823,23): error TS2339: Property 'input' does not exist on type 'JSX.IntrinsicElements'.
src/components/CSSCustomizer.tsx(1832,21): error TS2339: Property 'div' does not exist on type 'JSX.IntrinsicElements'.
src/components/CSSCustomizer.tsx(1834,17): error TS2339: Property 'div' does not exist on type 'JSX.IntrinsicElements'.
src/components/CSSCustomizer.tsx(1835,15): error TS2339: Property 'div' does not exist on type 'JSX.IntrinsicElements'.
src/components/CSSCustomizer.tsx(1836,13): error TS2339: Property 'div' does not exist on type 'JSX.IntrinsicElements'.
src/components/CSSCustomizer.tsx(1838,13): error TS2339: Property 'button' does not exist on type 'JSX.IntrinsicElements'.
src/components/CSSCustomizer.tsx(1846,13): error TS2339: Property 'button' does not exist on type 'JSX.IntrinsicElements'.
src/components/CSSCustomizer.tsx(1847,11): error TS2339: Property 'div' does not exist on type 'JSX.IntrinsicElements'.
src/components/CSSCustomizer.tsx(1850,11): error TS2339: Property 'div' does not exist on type 'JSX.IntrinsicElements'.
src/components/CSSCustomizer.tsx(1851,13): error TS2339: Property 'div' does not exist on type 'JSX.IntrinsicElements'.
src/components/CSSCustomizer.tsx(1852,15): error TS2339: Property 'h2' does not exist on type 'JSX.IntrinsicElements'.
src/components/CSSCustomizer.tsx(1854,15): error TS2339: Property 'h2' does not exist on type 'JSX.IntrinsicElements'.
src/components/CSSCustomizer.tsx(1857,17): error TS2339: Property 'div' does not exist on type 'JSX.IntrinsicElements'.
src/components/CSSCustomizer.tsx(1858,19): error TS2339: Property 'p' does not exist on type 'JSX.IntrinsicElements'.
src/components/CSSCustomizer.tsx(1860,19): error TS2339: Property 'p' does not exist on type 'JSX.IntrinsicElements'.
src/components/CSSCustomizer.tsx(1861,17): error TS2339: Property 'div' does not exist on type 'JSX.IntrinsicElements'.
src/components/CSSCustomizer.tsx(1864,15): error TS2339: Property 'div' does not exist on type 'JSX.IntrinsicElements'.
src/components/CSSCustomizer.tsx(1865,17): error TS2339: Property 'div' does not exist on type 'JSX.IntrinsicElements'.
src/components/CSSCustomizer.tsx(1892,17): error TS2339: Property 'div' does not exist on type 'JSX.IntrinsicElements'.
src/components/CSSCustomizer.tsx(1908,21): error TS2339: Property 'div' does not exist on type 'JSX.IntrinsicElements'.
src/components/CSSCustomizer.tsx(1933,21): error TS2339: Property 'div' does not exist on type 'JSX.IntrinsicElements'.
src/components/CSSCustomizer.tsx(1936,15): error TS2339: Property 'div' does not exist on type 'JSX.IntrinsicElements'.
src/components/CSSCustomizer.tsx(1937,13): error TS2339: Property 'div' does not exist on type 'JSX.IntrinsicElements'.
src/components/CSSCustomizer.tsx(1940,13): error TS2339: Property 'div' does not exist on type 'JSX.IntrinsicElements'.
src/components/CSSCustomizer.tsx(1941,15): error TS2339: Property 'h2' does not exist on type 'JSX.IntrinsicElements'.
src/components/CSSCustomizer.tsx(1943,15): error TS2339: Property 'h2' does not exist on type 'JSX.IntrinsicElements'.
src/components/CSSCustomizer.tsx(1944,15): error TS2339: Property 'ol' does not exist on type 'JSX.IntrinsicElements'.
src/components/CSSCustomizer.tsx(1945,17): error TS2339: Property 'li' does not exist on type 'JSX.IntrinsicElements'.
src/components/CSSCustomizer.tsx(1945,37): error TS2339: Property 'li' does not exist on type 'JSX.IntrinsicElements'.
src/components/CSSCustomizer.tsx(1946,17): error TS2339: Property 'li' does not exist on type 'JSX.IntrinsicElements'.
src/components/CSSCustomizer.tsx(1946,37): error TS2339: Property 'li' does not exist on type 'JSX.IntrinsicElements'.
src/components/CSSCustomizer.tsx(1947,17): error TS2339: Property 'li' does not exist on type 'JSX.IntrinsicElements'.
src/components/CSSCustomizer.tsx(1947,37): error TS2339: Property 'li' does not exist on type 'JSX.IntrinsicElements'.
src/components/CSSCustomizer.tsx(1948,17): error TS2339: Property 'li' does not exist on type 'JSX.IntrinsicElements'.
src/components/CSSCustomizer.tsx(1948,37): error TS2339: Property 'li' does not exist on type 'JSX.IntrinsicElements'.
src/components/CSSCustomizer.tsx(1949,17): error TS2339: Property 'li' does not exist on type 'JSX.IntrinsicElements'.
src/components/CSSCustomizer.tsx(1949,37): error TS2339: Property 'li' does not exist on type 'JSX.IntrinsicElements'.
src/components/CSSCustomizer.tsx(1950,17): error TS2339: Property 'li' does not exist on type 'JSX.IntrinsicElements'.
src/components/CSSCustomizer.tsx(1950,37): error TS2339: Property 'li' does not exist on type 'JSX.IntrinsicElements'.
src/components/CSSCustomizer.tsx(1951,15): error TS2339: Property 'ol' does not exist on type 'JSX.IntrinsicElements'.
src/components/CSSCustomizer.tsx(1952,13): error TS2339: Property 'div' does not exist on type 'JSX.IntrinsicElements'.
src/components/CSSCustomizer.tsx(1953,11): error TS2339: Property 'div' does not exist on type 'JSX.IntrinsicElements'.
src/components/CSSCustomizer.tsx(1954,9): error TS2339: Property 'div' does not exist on type 'JSX.IntrinsicElements'.
src/components/CSSCustomizer.tsx(1957,9): error TS2339: Property 'div' does not exist on type 'JSX.IntrinsicElements'.
src/components/CSSCustomizer.tsx(1958,11): error TS2339: Property 'button' does not exist on type 'JSX.IntrinsicElements'.
src/components/CSSCustomizer.tsx(1962,13): error TS2339: Property 'span' does not exist on type 'JSX.IntrinsicElements'.
src/components/CSSCustomizer.tsx(1964,13): error TS2339: Property 'span' does not exist on type 'JSX.IntrinsicElements'.
src/components/CSSCustomizer.tsx(1965,13): error TS2339: Property 'svg' does not exist on type 'JSX.IntrinsicElements'.
src/components/CSSCustomizer.tsx(1971,15): error TS2339: Property 'path' does not exist on type 'JSX.IntrinsicElements'.
src/components/CSSCustomizer.tsx(1972,13): error TS2339: Property 'svg' does not exist on type 'JSX.IntrinsicElements'.
src/components/CSSCustomizer.tsx(1973,11): error TS2339: Property 'button' does not exist on type 'JSX.IntrinsicElements'.
src/components/CSSCustomizer.tsx(1976,13): error TS2339: Property 'div' does not exist on type 'JSX.IntrinsicElements'.
src/components/CSSCustomizer.tsx(1977,15): error TS2339: Property 'p' does not exist on type 'JSX.IntrinsicElements'.
src/components/CSSCustomizer.tsx(1979,15): error TS2339: Property 'p' does not exist on type 'JSX.IntrinsicElements'.
src/components/CSSCustomizer.tsx(1982,15): error TS2339: Property 'div' does not exist on type 'JSX.IntrinsicElements'.
src/components/CSSCustomizer.tsx(1984,17): error TS2339: Property 'div' does not exist on type 'JSX.IntrinsicElements'.
src/components/CSSCustomizer.tsx(1985,19): error TS2339: Property 'h3' does not exist on type 'JSX.IntrinsicElements'.
src/components/CSSCustomizer.tsx(1985,93): error TS2339: Property 'h3' does not exist on type 'JSX.IntrinsicElements'.
src/components/CSSCustomizer.tsx(1986,19): error TS2339: Property 'div' does not exist on type 'JSX.IntrinsicElements'.
src/components/CSSCustomizer.tsx(1988,21): error TS2339: Property 'div' does not exist on type 'JSX.IntrinsicElements'.
src/components/CSSCustomizer.tsx(1993,23): error TS2339: Property 'div' does not exist on type 'JSX.IntrinsicElements'.
src/components/CSSCustomizer.tsx(1993,86): error TS2339: Property 'div' does not exist on type 'JSX.IntrinsicElements'.
src/components/CSSCustomizer.tsx(1994,23): error TS2339: Property 'div' does not exist on type 'JSX.IntrinsicElements'.
src/components/CSSCustomizer.tsx(1994,96): error TS2339: Property 'div' does not exist on type 'JSX.IntrinsicElements'.
src/components/CSSCustomizer.tsx(1995,23): error TS2339: Property 'div' does not exist on type 'JSX.IntrinsicElements'.
src/components/CSSCustomizer.tsx(1996,25): error TS2339: Property 'div' does not exist on type 'JSX.IntrinsicElements'.
src/components/CSSCustomizer.tsx(1996,30): error TS2339: Property 'span' does not exist on type 'JSX.IntrinsicElements'.
src/components/CSSCustomizer.tsx(1996,68): error TS2339: Property 'span' does not exist on type 'JSX.IntrinsicElements'.
src/components/CSSCustomizer.tsx(1996,77): error TS2339: Property 'span' does not exist on type 'JSX.IntrinsicElements'.
src/components/CSSCustomizer.tsx(1996,117): error TS2339: Property 'span' does not exist on type 'JSX.IntrinsicElements'.
src/components/CSSCustomizer.tsx(1996,136): error TS2339: Property 'div' does not exist on type 'JSX.IntrinsicElements'.
src/components/CSSCustomizer.tsx(1997,25): error TS2339: Property 'div' does not exist on type 'JSX.IntrinsicElements'.
src/components/CSSCustomizer.tsx(1997,30): error TS2339: Property 'span' does not exist on type 'JSX.IntrinsicElements'.
src/components/CSSCustomizer.tsx(1997,82): error TS2339: Property 'span' does not exist on type 'JSX.IntrinsicElements'.
src/components/CSSCustomizer.tsx(1997,91): error TS2339: Property 'span' does not exist on type 'JSX.IntrinsicElements'.
src/components/CSSCustomizer.tsx(1997,132): error TS2339: Property 'span' does not exist on type 'JSX.IntrinsicElements'.
src/components/CSSCustomizer.tsx(1997,140): error TS2339: Property 'div' does not exist on type 'JSX.IntrinsicElements'.
src/components/CSSCustomizer.tsx(1998,25): error TS2339: Property 'div' does not exist on type 'JSX.IntrinsicElements'.
src/components/CSSCustomizer.tsx(1998,30): error TS2339: Property 'span' does not exist on type 'JSX.IntrinsicElements'.
src/components/CSSCustomizer.tsx(1998,74): error TS2339: Property 'span' does not exist on type 'JSX.IntrinsicElements'.
src/components/CSSCustomizer.tsx(1998,83): error TS2339: Property 'span' does not exist on type 'JSX.IntrinsicElements'.
src/components/CSSCustomizer.tsx(1998,124): error TS2339: Property 'span' does not exist on type 'JSX.IntrinsicElements'.
src/components/CSSCustomizer.tsx(1998,142): error TS2339: Property 'div' does not exist on type 'JSX.IntrinsicElements'.
src/components/CSSCustomizer.tsx(1999,23): error TS2339: Property 'div' does not exist on type 'JSX.IntrinsicElements'.
src/components/CSSCustomizer.tsx(2000,23): error TS2339: Property 'div' does not exist on type 'JSX.IntrinsicElements'.
src/components/CSSCustomizer.tsx(2000,60): error TS2339: Property 'div' does not exist on type 'JSX.IntrinsicElements'.
src/components/CSSCustomizer.tsx(2001,21): error TS2339: Property 'div' does not exist on type 'JSX.IntrinsicElements'.
src/components/CSSCustomizer.tsx(2003,21): error TS2339: Property 'div' does not exist on type 'JSX.IntrinsicElements'.
src/components/CSSCustomizer.tsx(2006,21): error TS2339: Property 'div' does not exist on type 'JSX.IntrinsicElements'.
src/components/CSSCustomizer.tsx(2011,23): error TS2339: Property 'div' does not exist on type 'JSX.IntrinsicElements'.
src/components/CSSCustomizer.tsx(2011,89): error TS2339: Property 'div' does not exist on type 'JSX.IntrinsicElements'.
src/components/CSSCustomizer.tsx(2012,23): error TS2339: Property 'div' does not exist on type 'JSX.IntrinsicElements'.
src/components/CSSCustomizer.tsx(2012,76): error TS2339: Property 'div' does not exist on type 'JSX.IntrinsicElements'.
src/components/CSSCustomizer.tsx(2013,23): error TS2339: Property 'div' does not exist on type 'JSX.IntrinsicElements'.
src/components/CSSCustomizer.tsx(2014,25): error TS2339: Property 'div' does not exist on type 'JSX.IntrinsicElements'.
src/components/CSSCustomizer.tsx(2014,30): error TS2339: Property 'span' does not exist on type 'JSX.IntrinsicElements'.
src/components/CSSCustomizer.tsx(2014,74): error TS2339: Property 'span' does not exist on type 'JSX.IntrinsicElements'.
src/components/CSSCustomizer.tsx(2014,83): error TS2339: Property 'span' does not exist on type 'JSX.IntrinsicElements'.
src/components/CSSCustomizer.tsx(2014,130): error TS2339: Property 'span' does not exist on type 'JSX.IntrinsicElements'.
src/components/CSSCustomizer.tsx(2014,138): error TS2339: Property 'div' does not exist on type 'JSX.IntrinsicElements'.
src/components/CSSCustomizer.tsx(2015,23): error TS2339: Property 'div' does not exist on type 'JSX.IntrinsicElements'.
src/components/CSSCustomizer.tsx(2016,23): error TS2339: Property 'div' does not exist on type 'JSX.IntrinsicElements'.
src/components/CSSCustomizer.tsx(2016,60): error TS2339: Property 'div' does not exist on type 'JSX.IntrinsicElements'.
src/components/CSSCustomizer.tsx(2017,21): error TS2339: Property 'div' does not exist on type 'JSX.IntrinsicElements'.
src/components/CSSCustomizer.tsx(2019,21): error TS2339: Property 'div' does not exist on type 'JSX.IntrinsicElements'.
src/components/CSSCustomizer.tsx(2022,21): error TS2339: Property 'div' does not exist on type 'JSX.IntrinsicElements'.
src/components/CSSCustomizer.tsx(2027,23): error TS2339: Property 'div' does not exist on type 'JSX.IntrinsicElements'.
src/components/CSSCustomizer.tsx(2027,95): error TS2339: Property 'div' does not exist on type 'JSX.IntrinsicElements'.
src/components/CSSCustomizer.tsx(2028,23): error TS2339: Property 'div' does not exist on type 'JSX.IntrinsicElements'.
src/components/CSSCustomizer.tsx(2028,78): error TS2339: Property 'div' does not exist on type 'JSX.IntrinsicElements'.
src/components/CSSCustomizer.tsx(2029,23): error TS2339: Property 'div' does not exist on type 'JSX.IntrinsicElements'.
src/components/CSSCustomizer.tsx(2030,25): error TS2339: Property 'div' does not exist on type 'JSX.IntrinsicElements'.
src/components/CSSCustomizer.tsx(2030,30): error TS2339: Property 'span' does not exist on type 'JSX.IntrinsicElements'.
src/components/CSSCustomizer.tsx(2030,72): error TS2339: Property 'span' does not exist on type 'JSX.IntrinsicElements'.
src/components/CSSCustomizer.tsx(2030,81): error TS2339: Property 'span' does not exist on type 'JSX.IntrinsicElements'.
src/components/CSSCustomizer.tsx(2030,120): error TS2339: Property 'span' does not exist on type 'JSX.IntrinsicElements'.
src/components/CSSCustomizer.tsx(2030,128): error TS2339: Property 'span' does not exist on type 'JSX.IntrinsicElements'.
src/components/CSSCustomizer.tsx(2030,165): error TS2339: Property 'span' does not exist on type 'JSX.IntrinsicElements'.
src/components/CSSCustomizer.tsx(2030,173): error TS2339: Property 'div' does not exist on type 'JSX.IntrinsicElements'.
src/components/CSSCustomizer.tsx(2031,23): error TS2339: Property 'div' does not exist on type 'JSX.IntrinsicElements'.
src/components/CSSCustomizer.tsx(2032,23): error TS2339: Property 'div' does not exist on type 'JSX.IntrinsicElements'.
src/components/CSSCustomizer.tsx(2032,60): error TS2339: Property 'div' does not exist on type 'JSX.IntrinsicElements'.
src/components/CSSCustomizer.tsx(2033,21): error TS2339: Property 'div' does not exist on type 'JSX.IntrinsicElements'.
src/components/CSSCustomizer.tsx(2035,21): error TS2339: Property 'div' does not exist on type 'JSX.IntrinsicElements'.
src/components/CSSCustomizer.tsx(2038,21): error TS2339: Property 'div' does not exist on type 'JSX.IntrinsicElements'.
src/components/CSSCustomizer.tsx(2043,23): error TS2339: Property 'div' does not exist on type 'JSX.IntrinsicElements'.
src/components/CSSCustomizer.tsx(2043,28): error TS2339: Property 'span' does not exist on type 'JSX.IntrinsicElements'.
src/components/CSSCustomizer.tsx(2043,71): error TS2339: Property 'span' does not exist on type 'JSX.IntrinsicElements'.
src/components/CSSCustomizer.tsx(2043,79): error TS2339: Property 'span' does not exist on type 'JSX.IntrinsicElements'.
src/components/CSSCustomizer.tsx(2043,118): error TS2339: Property 'span' does not exist on type 'JSX.IntrinsicElements'.
src/components/CSSCustomizer.tsx(2043,131): error TS2339: Property 'div' does not exist on type 'JSX.IntrinsicElements'.
src/components/CSSCustomizer.tsx(2044,23): error TS2339: Property 'div' does not exist on type 'JSX.IntrinsicElements'.
src/components/CSSCustomizer.tsx(2045,25): error TS2339: Property 'div' does not exist on type 'JSX.IntrinsicElements'.
src/components/CSSCustomizer.tsx(2045,39): error TS2339: Property 'span' does not exist on type 'JSX.IntrinsicElements'.
src/components/CSSCustomizer.tsx(2045,79): error TS2339: Property 'span' does not exist on type 'JSX.IntrinsicElements'.
src/components/CSSCustomizer.tsx(2045,88): error TS2339: Property 'span' does not exist on type 'JSX.IntrinsicElements'.
src/components/CSSCustomizer.tsx(2045,122): error TS2339: Property 'span' does not exist on type 'JSX.IntrinsicElements'.
src/components/CSSCustomizer.tsx(2045,136): error TS2339: Property 'div' does not exist on type 'JSX.IntrinsicElements'.
src/components/CSSCustomizer.tsx(2046,25): error TS2339: Property 'div' does not exist on type 'JSX.IntrinsicElements'.
src/components/CSSCustomizer.tsx(2046,41): error TS2339: Property 'span' does not exist on type 'JSX.IntrinsicElements'.
src/components/CSSCustomizer.tsx(2046,81): error TS2339: Property 'span' does not exist on type 'JSX.IntrinsicElements'.
src/components/CSSCustomizer.tsx(2046,90): error TS2339: Property 'span' does not exist on type 'JSX.IntrinsicElements'.
src/components/CSSCustomizer.tsx(2046,124): error TS2339: Property 'span' does not exist on type 'JSX.IntrinsicElements'.
src/components/CSSCustomizer.tsx(2046,138): error TS2339: Property 'div' does not exist on type 'JSX.IntrinsicElements'.
src/components/CSSCustomizer.tsx(2047,23): error TS2339: Property 'div' does not exist on type 'JSX.IntrinsicElements'.
src/components/CSSCustomizer.tsx(2048,23): error TS2339: Property 'div' does not exist on type 'JSX.IntrinsicElements'.
src/components/CSSCustomizer.tsx(2048,60): error TS2339: Property 'div' does not exist on type 'JSX.IntrinsicElements'.
src/components/CSSCustomizer.tsx(2049,21): error TS2339: Property 'div' does not exist on type 'JSX.IntrinsicElements'.
src/components/CSSCustomizer.tsx(2050,19): error TS2339: Property 'div' does not exist on type 'JSX.IntrinsicElements'.
src/components/CSSCustomizer.tsx(2051,17): error TS2339: Property 'div' does not exist on type 'JSX.IntrinsicElements'.
src/components/CSSCustomizer.tsx(2054,17): error TS2339: Property 'div' does not exist on type 'JSX.IntrinsicElements'.
src/components/CSSCustomizer.tsx(2055,19): error TS2339: Property 'h3' does not exist on type 'JSX.IntrinsicElements'.
src/components/CSSCustomizer.tsx(2055,102): error TS2339: Property 'h3' does not exist on type 'JSX.IntrinsicElements'.
src/components/CSSCustomizer.tsx(2057,19): error TS2339: Property 'div' does not exist on type 'JSX.IntrinsicElements'.
src/components/CSSCustomizer.tsx(2058,21): error TS2339: Property 'h4' does not exist on type 'JSX.IntrinsicElements'.
src/components/CSSCustomizer.tsx(2058,90): error TS2339: Property 'h4' does not exist on type 'JSX.IntrinsicElements'.
src/components/CSSCustomizer.tsx(2059,21): error TS2339: Property 'p' does not exist on type 'JSX.IntrinsicElements'.
src/components/CSSCustomizer.tsx(2059,80): error TS2339: Property 'p' does not exist on type 'JSX.IntrinsicElements'.
src/components/CSSCustomizer.tsx(2060,19): error TS2339: Property 'div' does not exist on type 'JSX.IntrinsicElements'.
src/components/CSSCustomizer.tsx(2062,19): error TS2339: Property 'div' does not exist on type 'JSX.IntrinsicElements'.
src/components/CSSCustomizer.tsx(2063,21): error TS2339: Property 'h4' does not exist on type 'JSX.IntrinsicElements'.
src/components/CSSCustomizer.tsx(2063,92): error TS2339: Property 'h4' does not exist on type 'JSX.IntrinsicElements'.
src/components/CSSCustomizer.tsx(2064,21): error TS2339: Property 'p' does not exist on type 'JSX.IntrinsicElements'.
src/components/CSSCustomizer.tsx(2064,82): error TS2339: Property 'p' does not exist on type 'JSX.IntrinsicElements'.
src/components/CSSCustomizer.tsx(2065,19): error TS2339: Property 'div' does not exist on type 'JSX.IntrinsicElements'.
src/components/CSSCustomizer.tsx(2067,19): error TS2339: Property 'div' does not exist on type 'JSX.IntrinsicElements'.
src/components/CSSCustomizer.tsx(2068,21): error TS2339: Property 'h4' does not exist on type 'JSX.IntrinsicElements'.
src/components/CSSCustomizer.tsx(2068,88): error TS2339: Property 'h4' does not exist on type 'JSX.IntrinsicElements'.
src/components/CSSCustomizer.tsx(2069,21): error TS2339: Property 'p' does not exist on type 'JSX.IntrinsicElements'.
src/components/CSSCustomizer.tsx(2069,78): error TS2339: Property 'p' does not exist on type 'JSX.IntrinsicElements'.
src/components/CSSCustomizer.tsx(2070,19): error TS2339: Property 'div' does not exist on type 'JSX.IntrinsicElements'.
src/components/CSSCustomizer.tsx(2072,19): error TS2339: Property 'div' does not exist on type 'JSX.IntrinsicElements'.
src/components/CSSCustomizer.tsx(2073,21): error TS2339: Property 'h4' does not exist on type 'JSX.IntrinsicElements'.
src/components/CSSCustomizer.tsx(2073,94): error TS2339: Property 'h4' does not exist on type 'JSX.IntrinsicElements'.
src/components/CSSCustomizer.tsx(2074,21): error TS2339: Property 'p' does not exist on type 'JSX.IntrinsicElements'.
src/components/CSSCustomizer.tsx(2074,84): error TS2339: Property 'p' does not exist on type 'JSX.IntrinsicElements'.
src/components/CSSCustomizer.tsx(2075,19): error TS2339: Property 'div' does not exist on type 'JSX.IntrinsicElements'.
src/components/CSSCustomizer.tsx(2076,17): error TS2339: Property 'div' does not exist on type 'JSX.IntrinsicElements'.
src/components/CSSCustomizer.tsx(2077,15): error TS2339: Property 'div' does not exist on type 'JSX.IntrinsicElements'.
src/components/CSSCustomizer.tsx(2080,15): error TS2339: Property 'div' does not exist on type 'JSX.IntrinsicElements'.
src/components/CSSCustomizer.tsx(2081,17): error TS2339: Property 'h3' does not exist on type 'JSX.IntrinsicElements'.
src/components/CSSCustomizer.tsx(2081,87): error TS2339: Property 'h3' does not exist on type 'JSX.IntrinsicElements'.
src/components/CSSCustomizer.tsx(2082,17): error TS2339: Property 'ul' does not exist on type 'JSX.IntrinsicElements'.
src/components/CSSCustomizer.tsx(2083,19): error TS2339: Property 'li' does not exist on type 'JSX.IntrinsicElements'.
src/components/CSSCustomizer.tsx(2084,21): error TS2339: Property 'span' does not exist on type 'JSX.IntrinsicElements'.
src/components/CSSCustomizer.tsx(2084,64): error TS2339: Property 'span' does not exist on type 'JSX.IntrinsicElements'.
src/components/CSSCustomizer.tsx(2085,21): error TS2339: Property 'span' does not exist on type 'JSX.IntrinsicElements'.
src/components/CSSCustomizer.tsx(2085,39): error TS2339: Property 'span' does not exist on type 'JSX.IntrinsicElements'.
src/components/CSSCustomizer.tsx(2086,19): error TS2339: Property 'li' does not exist on type 'JSX.IntrinsicElements'.
src/components/CSSCustomizer.tsx(2087,19): error TS2339: Property 'li' does not exist on type 'JSX.IntrinsicElements'.
src/components/CSSCustomizer.tsx(2088,21): error TS2339: Property 'span' does not exist on type 'JSX.IntrinsicElements'.
src/components/CSSCustomizer.tsx(2088,64): error TS2339: Property 'span' does not exist on type 'JSX.IntrinsicElements'.
src/components/CSSCustomizer.tsx(2089,21): error TS2339: Property 'span' does not exist on type 'JSX.IntrinsicElements'.
src/components/CSSCustomizer.tsx(2089,39): error TS2339: Property 'span' does not exist on type 'JSX.IntrinsicElements'.
src/components/CSSCustomizer.tsx(2090,19): error TS2339: Property 'li' does not exist on type 'JSX.IntrinsicElements'.
src/components/CSSCustomizer.tsx(2091,19): error TS2339: Property 'li' does not exist on type 'JSX.IntrinsicElements'.
src/components/CSSCustomizer.tsx(2092,21): error TS2339: Property 'span' does not exist on type 'JSX.IntrinsicElements'.
src/components/CSSCustomizer.tsx(2092,64): error TS2339: Property 'span' does not exist on type 'JSX.IntrinsicElements'.
src/components/CSSCustomizer.tsx(2093,21): error TS2339: Property 'span' does not exist on type 'JSX.IntrinsicElements'.
src/components/CSSCustomizer.tsx(2093,39): error TS2339: Property 'span' does not exist on type 'JSX.IntrinsicElements'.
src/components/CSSCustomizer.tsx(2094,19): error TS2339: Property 'li' does not exist on type 'JSX.IntrinsicElements'.
src/components/CSSCustomizer.tsx(2095,17): error TS2339: Property 'ul' does not exist on type 'JSX.IntrinsicElements'.
src/components/CSSCustomizer.tsx(2096,15): error TS2339: Property 'div' does not exist on type 'JSX.IntrinsicElements'.
src/components/CSSCustomizer.tsx(2097,13): error TS2339: Property 'div' does not exist on type 'JSX.IntrinsicElements'.
src/components/CSSCustomizer.tsx(2099,9): error TS2339: Property 'div' does not exist on type 'JSX.IntrinsicElements'.
src/components/CSSCustomizer.tsx(2100,7): error TS2339: Property 'div' does not exist on type 'JSX.IntrinsicElements'.
src/components/CSSCustomizer.tsx(2101,5): error TS2339: Property 'div' does not exist on type 'JSX.IntrinsicElements'.
